// Jest Snapshot v1, https://goo.gl/fbAQLP

exports[`Footer Correctly renders 1`] = `
<footer>
  <div>
    <a
      className="undefined undefined"
    >
      <span>
        W
      </span>
      <span>
        T
      </span>
      <span>
        W
      </span>
    </a>
  </div>
  <div>
    <p>
      Â© 2024 What to watch Ltd.
    </p>
  </div>
</footer>
`;
