// Jest Snapshot v1, https://goo.gl/fbAQLP

exports[`Movie details Correctly renders 1`] = `
<div>
  <div>
    <p>
      <strong>
        Director
      </strong>
      <span>
        David Yates
      </span>
    </p>
    <p>
      <strong>
        Starring
      </strong>
      <span>
        Eddie Redmayne
        ,
         
        <br />
        Katherine Waterston
        ,
         
        <br />
        Dan Fogler
         
        <br />
      </span>
    </p>
  </div>
  <div>
    <p>
      <strong>
        Run Time
      </strong>
      <span>
        2h 14m
      </span>
    </p>
    <p>
      <strong>
        Genre
      </strong>
      <span>
        Fantasy
      </span>
    </p>
    <p>
      <strong>
        Released
      </strong>
      <span>
        2018
      </span>
    </p>
  </div>
</div>
`;
